[debug] [2026-05-29T07:28:21.363Z] ----------------------------------------------------------------------
[debug] [2026-05-29T07:28:21.366Z] Command:       /Users/brazenlaboratory/.local/share/fnm/node-versions/v24.15.0/installation/bin/node /Users/brazenlaboratory/.local/state/fnm_multishells/619_1780038674947/bin/firebase init
[debug] [2026-05-29T07:28:21.366Z] CLI Version:   15.19.0
[debug] [2026-05-29T07:28:21.366Z] Platform:      darwin
[debug] [2026-05-29T07:28:21.366Z] Node Version:  v24.15.0
[debug] [2026-05-29T07:28:21.367Z] Time:          Fri May 29 2026 00:28:21 GMT-0700 (Pacific Daylight Time)
[debug] [2026-05-29T07:28:21.367Z] ----------------------------------------------------------------------
[debug] 
[info] 
     ######## #### ########  ######## ########     ###     ######  ########
     ##        ##  ##     ## ##       ##     ##  ##   ##  ##       ##
     ######    ##  ########  ######   ########  #########  ######  ######
     ##        ##  ##    ##  ##       ##     ## ##     ##       ## ##
     ##       #### ##     ## ######## ########  ##     ##  ######  ########

You're about to initialize a Firebase project in this directory:

  /Users/brazenlaboratory/Desktop/M°/the-Kitchen/FTSAuthority

[info] 
=== Project Setup
[info] 
[info] First, let's associate this project directory with a Firebase project.
[info] You can create multiple project aliases by running firebase use --add, 
[info] 
[debug] [2026-05-29T07:28:29.547Z] > command requires scopes: ["email","openid","https://www.googleapis.com/auth/cloudplatformprojects.readonly","https://www.googleapis.com/auth/firebase","https://www.googleapis.com/auth/cloud-platform"]
[debug] [2026-05-29T07:28:29.548Z] > authorizing via signed-in user (mofrymatic@gmail.com)
[debug] [2026-05-29T07:28:29.550Z] Checked if tokens are valid: true, expires at: 1780043294486
[debug] [2026-05-29T07:28:29.551Z] Checked if tokens are valid: true, expires at: 1780043294486
[debug] [2026-05-29T07:28:29.553Z] >>> [apiv2][query] GET https://firebase.googleapis.com/v1beta1/availableProjects pageSize=100
[debug] [2026-05-29T07:28:30.165Z] <<< [apiv2][status] GET https://firebase.googleapis.com/v1beta1/availableProjects 200
[debug] [2026-05-29T07:28:30.165Z] <<< [apiv2][body] GET https://firebase.googleapis.com/v1beta1/availableProjects [omitted]
[debug] [2026-05-29T07:28:37.070Z] Checked if tokens are valid: true, expires at: 1780043294486
[debug] [2026-05-29T07:28:37.071Z] Checked if tokens are valid: true, expires at: 1780043294486
[debug] [2026-05-29T07:28:37.071Z] >>> [apiv2][query] POST https://firebase.googleapis.com/v1beta1/projects/fts-arcade:addFirebase [none]
[debug] [2026-05-29T07:28:37.301Z] <<< [apiv2][status] POST https://firebase.googleapis.com/v1beta1/projects/fts-arcade:addFirebase 403
[debug] [2026-05-29T07:28:37.301Z] <<< [apiv2][body] POST https://firebase.googleapis.com/v1beta1/projects/fts-arcade:addFirebase {"error":{"code":403,"message":"The caller does not have permission","status":"PERMISSION_DENIED"}}
[debug] [2026-05-29T07:28:37.303Z] Request to https://firebase.googleapis.com/v1beta1/projects/fts-arcade:addFirebase had HTTP Error: 403, The caller does not have permission
[debug] [2026-05-29T07:28:37.399Z] FirebaseError: Request to https://firebase.googleapis.com/v1beta1/projects/fts-arcade:addFirebase had HTTP Error: 403, The caller does not have permission
    at responseToError (/Users/brazenlaboratory/.local/share/fnm/node-versions/v24.15.0/installation/lib/node_modules/firebase-tools/lib/responseToError.js:53:12)
    at RetryOperation._fn (/Users/brazenlaboratory/.local/share/fnm/node-versions/v24.15.0/installation/lib/node_modules/firebase-tools/lib/apiv2.js:333:77)
    at process.processTicksAndRejections (node:internal/process/task_queues:104:5)
[error] 
[error] Error: Failed to add Firebase to Google Cloud Platform project. See firebase-debug.log for more info.
